[combined-icl] task0 MSE=16.384; configs=pgram_gramflow

=== pgram_gramflow ===
  [pgram_gramflow] T01: MSE=5.998 finite=True max|W|=1.074e+00 (2.0m)  n_nonfinite=0.000e+00 qk_leak=1.482e-02 qk_E_fro=3.363e-02 ov_leak=5.143e-03 ov_E_fro=2.592e+00
  [pgram_gramflow] T02: MSE=6.179 finite=True max|W|=1.074e+00 (3.9m)  n_nonfinite=0.000e+00 qk_leak=1.368e-02 qk_E_fro=3.788e-02 ov_leak=9.130e-03 ov_E_fro=4.244e+00
  [pgram_gramflow] T03: MSE=6.101 finite=True max|W|=1.074e+00 (5.7m)  n_nonfinite=0.000e+00 qk_leak=1.496e-02 qk_E_fro=4.387e-02 ov_leak=7.230e-03 ov_E_fro=5.346e+00
  [pgram_gramflow] T04: MSE=5.930 finite=True max|W|=1.075e+00 (7.6m)  n_nonfinite=0.000e+00 qk_leak=1.394e-02 qk_E_fro=4.603e-02 ov_leak=7.150e-03 ov_E_fro=6.162e+00
  [pgram_gramflow] T05: MSE=6.222 finite=True max|W|=1.076e+00 (9.5m)  n_nonfinite=0.000e+00 qk_leak=1.577e-02 qk_E_fro=5.026e-02 ov_leak=5.807e-03 ov_E_fro=7.001e+00
  [pgram_gramflow] T06: MSE=6.149 finite=True max|W|=1.076e+00 (11.3m)  n_nonfinite=0.000e+00 qk_leak=1.439e-02 qk_E_fro=5.106e-02 ov_leak=7.226e-03 ov_E_fro=7.470e+00
  [pgram_gramflow] T07: MSE=6.240 finite=True max|W|=1.076e+00 (13.1m)  n_nonfinite=0.000e+00 qk_leak=1.453e-02 qk_E_fro=5.937e-02 ov_leak=5.779e-03 ov_E_fro=7.808e+00
  [pgram_gramflow] T08: MSE=6.371 finite=True max|W|=1.077e+00 (14.9m)  n_nonfinite=0.000e+00 qk_leak=1.492e-02 qk_E_fro=6.720e-02 ov_leak=4.915e-03 ov_E_fro=8.410e+00
  [pgram_gramflow] T09: MSE=6.317 finite=True max|W|=1.078e+00 (16.8m)  n_nonfinite=0.000e+00 qk_leak=1.437e-02 qk_E_fro=7.385e-02 ov_leak=8.219e-03 ov_E_fro=9.280e+00
  [pgram_gramflow] T10: MSE=6.480 finite=True max|W|=1.078e+00 (18.7m)  n_nonfinite=0.000e+00 qk_leak=1.536e-02 qk_E_fro=8.412e-02 ov_leak=7.461e-03 ov_E_fro=9.639e+00
  [pgram_gramflow] T11: MSE=6.449 finite=True max|W|=1.079e+00 (20.6m)  n_nonfinite=0.000e+00 qk_leak=1.557e-02 qk_E_fro=9.464e-02 ov_leak=7.026e-03 ov_E_fro=1.013e+01
  [pgram_gramflow] T12: MSE=6.388 finite=True max|W|=1.079e+00 (22.4m)  n_nonfinite=0.000e+00 qk_leak=1.583e-02 qk_E_fro=1.040e-01 ov_leak=7.016e-03 ov_E_fro=1.064e+01
  [pgram_gramflow] T13: MSE=6.582 finite=True max|W|=1.079e+00 (24.4m)  n_nonfinite=0.000e+00 qk_leak=1.361e-02 qk_E_fro=1.113e-01 ov_leak=6.807e-03 ov_E_fro=1.106e+01
  [pgram_gramflow] T14: MSE=6.501 finite=True max|W|=1.078e+00 (26.2m)  n_nonfinite=0.000e+00 qk_leak=1.419e-02 qk_E_fro=1.186e-01 ov_leak=6.424e-03 ov_E_fro=1.163e+01
  [pgram_gramflow] T15: MSE=6.372 finite=True max|W|=1.079e+00 (28.0m)  n_nonfinite=0.000e+00 qk_leak=1.269e-02 qk_E_fro=1.298e-01 ov_leak=5.801e-03 ov_E_fro=1.207e+01
  [pgram_gramflow] T16: MSE=6.420 finite=True max|W|=1.079e+00 (29.7m)  n_nonfinite=0.000e+00 qk_leak=1.450e-02 qk_E_fro=1.393e-01 ov_leak=6.999e-03 ov_E_fro=1.273e+01
  [pgram_gramflow] T17: MSE=6.464 finite=True max|W|=1.079e+00 (31.6m)  n_nonfinite=0.000e+00 qk_leak=1.537e-02 qk_E_fro=1.480e-01 ov_leak=7.500e-03 ov_E_fro=1.327e+01
  [pgram_gramflow] T18: MSE=6.392 finite=True max|W|=1.079e+00 (33.4m)  n_nonfinite=0.000e+00 qk_leak=1.399e-02 qk_E_fro=1.563e-01 ov_leak=5.451e-03 ov_E_fro=1.414e+01
  [pgram_gramflow] T19: MSE=6.636 finite=True max|W|=1.079e+00 (35.3m)  n_nonfinite=0.000e+00 qk_leak=1.221e-02 qk_E_fro=1.663e-01 ov_leak=7.020e-03 ov_E_fro=1.475e+01
  [pgram_gramflow] done=20/20  diag_med=6.38  task0_end=28.59  past_end=11.62  past_chain=17.82

[saved] eigenspectrum/outputs/pgram_sweep/bracket_pg3e-3_aw3e-5_gl1e-4.npz
[W814 21:40:07.457412125 AllocatorConfig.cpp:28] Warning: PYTORCH_CUDA_ALLOC_CONF is deprecated, use PYTORCH_ALLOC_CONF instead (function operator())
