[combined-icl] task0 MSE=16.384; configs=pgram_gramflow

=== pgram_gramflow ===
  [pgram_gramflow] T01: MSE=6.834 finite=True max|W|=1.078e+00 (2.0m)  n_nonfinite=0.000e+00 qk_leak=1.333e-02 qk_E_fro=1.245e-02 ov_leak=5.680e-03 ov_E_fro=7.010e-01
  [pgram_gramflow] T02: MSE=6.576 finite=True max|W|=1.080e+00 (4.0m)  n_nonfinite=0.000e+00 qk_leak=1.351e-02 qk_E_fro=1.751e-02 ov_leak=9.532e-03 ov_E_fro=9.395e-01
  [pgram_gramflow] T03: MSE=6.288 finite=True max|W|=1.078e+00 (6.0m)  n_nonfinite=0.000e+00 qk_leak=1.414e-02 qk_E_fro=2.108e-02 ov_leak=8.137e-03 ov_E_fro=1.140e+00
  [pgram_gramflow] T04: MSE=6.207 finite=True max|W|=1.077e+00 (8.0m)  n_nonfinite=0.000e+00 qk_leak=1.439e-02 qk_E_fro=2.270e-02 ov_leak=6.029e-03 ov_E_fro=1.264e+00
  [pgram_gramflow] T05: MSE=6.289 finite=True max|W|=1.076e+00 (9.9m)  n_nonfinite=0.000e+00 qk_leak=1.531e-02 qk_E_fro=2.360e-02 ov_leak=5.682e-03 ov_E_fro=1.303e+00
  [pgram_gramflow] T06: MSE=6.337 finite=True max|W|=1.076e+00 (11.9m)  n_nonfinite=0.000e+00 qk_leak=1.326e-02 qk_E_fro=2.483e-02 ov_leak=8.311e-03 ov_E_fro=1.331e+00
  [pgram_gramflow] T07: MSE=6.425 finite=True max|W|=1.075e+00 (13.9m)  n_nonfinite=0.000e+00 qk_leak=1.377e-02 qk_E_fro=2.874e-02 ov_leak=7.638e-03 ov_E_fro=1.291e+00
  [pgram_gramflow] T08: MSE=6.682 finite=True max|W|=1.074e+00 (16.0m)  n_nonfinite=0.000e+00 qk_leak=1.444e-02 qk_E_fro=3.140e-02 ov_leak=7.515e-03 ov_E_fro=1.249e+00
  [pgram_gramflow] T09: MSE=6.519 finite=True max|W|=1.073e+00 (17.9m)  n_nonfinite=0.000e+00 qk_leak=1.359e-02 qk_E_fro=3.241e-02 ov_leak=8.496e-03 ov_E_fro=1.279e+00
  [pgram_gramflow] T10: MSE=6.791 finite=True max|W|=1.075e+00 (19.9m)  n_nonfinite=0.000e+00 qk_leak=1.389e-02 qk_E_fro=3.385e-02 ov_leak=8.757e-03 ov_E_fro=1.285e+00
  [pgram_gramflow] T11: MSE=6.933 finite=True max|W|=1.074e+00 (22.0m)  n_nonfinite=0.000e+00 qk_leak=1.475e-02 qk_E_fro=3.460e-02 ov_leak=9.835e-03 ov_E_fro=1.278e+00
  [pgram_gramflow] T12: MSE=6.942 finite=True max|W|=1.072e+00 (24.1m)  n_nonfinite=0.000e+00 qk_leak=1.377e-02 qk_E_fro=3.688e-02 ov_leak=5.910e-03 ov_E_fro=1.303e+00
  [pgram_gramflow] T13: MSE=6.958 finite=True max|W|=1.072e+00 (26.0m)  n_nonfinite=0.000e+00 qk_leak=1.282e-02 qk_E_fro=3.757e-02 ov_leak=5.367e-03 ov_E_fro=1.303e+00
  [pgram_gramflow] T14: MSE=6.932 finite=True max|W|=1.069e+00 (28.0m)  n_nonfinite=0.000e+00 qk_leak=1.360e-02 qk_E_fro=3.840e-02 ov_leak=8.090e-03 ov_E_fro=1.320e+00
  [pgram_gramflow] T15: MSE=6.908 finite=True max|W|=1.070e+00 (30.1m)  n_nonfinite=0.000e+00 qk_leak=1.264e-02 qk_E_fro=4.058e-02 ov_leak=6.093e-03 ov_E_fro=1.342e+00
  [pgram_gramflow] T16: MSE=6.724 finite=True max|W|=1.064e+00 (32.5m)  n_nonfinite=0.000e+00 qk_leak=1.316e-02 qk_E_fro=4.301e-02 ov_leak=8.263e-03 ov_E_fro=1.390e+00
  [pgram_gramflow] T17: MSE=6.837 finite=True max|W|=1.067e+00 (34.8m)  n_nonfinite=0.000e+00 qk_leak=1.497e-02 qk_E_fro=4.584e-02 ov_leak=9.530e-03 ov_E_fro=1.417e+00
  [pgram_gramflow] T18: MSE=6.833 finite=True max|W|=1.061e+00 (36.7m)  n_nonfinite=0.000e+00 qk_leak=1.415e-02 qk_E_fro=4.734e-02 ov_leak=7.475e-03 ov_E_fro=1.468e+00
  [pgram_gramflow] T19: MSE=6.736 finite=True max|W|=1.056e+00 (38.7m)  n_nonfinite=0.000e+00 qk_leak=1.321e-02 qk_E_fro=4.879e-02 ov_leak=7.824e-03 ov_E_fro=1.472e+00
  [pgram_gramflow] done=20/20  diag_med=6.76  task0_end=36.58  past_end=12.07  past_chain=13.83

[saved] eigenspectrum/outputs/pgram_sweep/pg1e-3_aw3e-4_gl1e-3.npz
[W814 19:58:04.665077378 AllocatorConfig.cpp:28] Warning: PYTORCH_CUDA_ALLOC_CONF is deprecated, use PYTORCH_ALLOC_CONF instead (function operator())
