[combined-icl] task0 MSE=16.384; configs=pgram_gramflow

=== pgram_gramflow ===
  [pgram_gramflow] T01: MSE=6.405 finite=True max|W|=1.077e+00 (2.2m)  n_nonfinite=0.000e+00 qk_leak=1.367e-02 qk_E_fro=1.043e-02 ov_leak=5.462e-03 ov_E_fro=5.072e-01
  [pgram_gramflow] T02: MSE=6.181 finite=True max|W|=1.076e+00 (4.4m)  n_nonfinite=0.000e+00 qk_leak=1.476e-02 qk_E_fro=1.451e-02 ov_leak=8.991e-03 ov_E_fro=6.375e-01
  [pgram_gramflow] T03: MSE=5.925 finite=True max|W|=1.068e+00 (6.7m)  n_nonfinite=0.000e+00 qk_leak=1.241e-02 qk_E_fro=1.770e-02 ov_leak=8.429e-03 ov_E_fro=6.980e-01
  [pgram_gramflow] T04: MSE=5.823 finite=True max|W|=1.062e+00 (8.9m)  n_nonfinite=0.000e+00 qk_leak=1.453e-02 qk_E_fro=2.093e-02 ov_leak=7.293e-03 ov_E_fro=7.201e-01
  [pgram_gramflow] T05: MSE=5.918 finite=True max|W|=1.055e+00 (11.2m)  n_nonfinite=0.000e+00 qk_leak=1.575e-02 qk_E_fro=2.394e-02 ov_leak=5.757e-03 ov_E_fro=7.024e-01
  [pgram_gramflow] T06: MSE=5.786 finite=True max|W|=1.046e+00 (13.4m)  n_nonfinite=0.000e+00 qk_leak=1.285e-02 qk_E_fro=2.685e-02 ov_leak=6.690e-03 ov_E_fro=6.947e-01
  [pgram_gramflow] T07: MSE=5.891 finite=True max|W|=1.040e+00 (15.5m)  n_nonfinite=0.000e+00 qk_leak=1.277e-02 qk_E_fro=3.046e-02 ov_leak=6.338e-03 ov_E_fro=6.815e-01
  [pgram_gramflow] T08: MSE=6.046 finite=True max|W|=1.034e+00 (17.7m)  n_nonfinite=0.000e+00 qk_leak=1.397e-02 qk_E_fro=3.313e-02 ov_leak=9.042e-03 ov_E_fro=7.018e-01
  [pgram_gramflow] T09: MSE=5.793 finite=True max|W|=1.022e+00 (19.9m)  n_nonfinite=0.000e+00 qk_leak=1.207e-02 qk_E_fro=3.411e-02 ov_leak=7.883e-03 ov_E_fro=7.127e-01
  [pgram_gramflow] T10: MSE=5.805 finite=True max|W|=1.012e+00 (22.1m)  n_nonfinite=0.000e+00 qk_leak=1.260e-02 qk_E_fro=3.537e-02 ov_leak=9.313e-03 ov_E_fro=7.645e-01
  [pgram_gramflow] T11: MSE=5.833 finite=True max|W|=1.011e+00 (24.6m)  n_nonfinite=0.000e+00 qk_leak=1.624e-02 qk_E_fro=3.602e-02 ov_leak=8.354e-03 ov_E_fro=7.979e-01
  [pgram_gramflow] T12: MSE=5.707 finite=True max|W|=1.002e+00 (27.3m)  n_nonfinite=0.000e+00 qk_leak=1.327e-02 qk_E_fro=3.767e-02 ov_leak=7.402e-03 ov_E_fro=8.585e-01
  [pgram_gramflow] T13: MSE=5.666 finite=True max|W|=9.865e-01 (29.7m)  n_nonfinite=0.000e+00 qk_leak=1.363e-02 qk_E_fro=3.956e-02 ov_leak=7.768e-03 ov_E_fro=9.330e-01
  [pgram_gramflow] T14: MSE=5.631 finite=True max|W|=1.004e+00 (32.0m)  n_nonfinite=0.000e+00 qk_leak=1.255e-02 qk_E_fro=4.108e-02 ov_leak=8.234e-03 ov_E_fro=1.026e+00
  [pgram_gramflow] T15: MSE=5.613 finite=True max|W|=1.026e+00 (34.4m)  n_nonfinite=0.000e+00 qk_leak=1.271e-02 qk_E_fro=4.294e-02 ov_leak=6.371e-03 ov_E_fro=1.127e+00
  [pgram_gramflow] T16: MSE=5.373 finite=True max|W|=1.013e+00 (36.9m)  n_nonfinite=0.000e+00 qk_leak=1.284e-02 qk_E_fro=4.530e-02 ov_leak=6.066e-03 ov_E_fro=1.228e+00
  [pgram_gramflow] T17: MSE=5.477 finite=True max|W|=1.014e+00 (39.3m)  n_nonfinite=0.000e+00 qk_leak=1.412e-02 qk_E_fro=4.718e-02 ov_leak=6.327e-03 ov_E_fro=1.303e+00
  [pgram_gramflow] T18: MSE=5.567 finite=True max|W|=1.013e+00 (41.7m)  n_nonfinite=0.000e+00 qk_leak=1.399e-02 qk_E_fro=4.893e-02 ov_leak=6.476e-03 ov_E_fro=1.412e+00
  [pgram_gramflow] T19: MSE=5.379 finite=True max|W|=1.024e+00 (44.2m)  n_nonfinite=0.000e+00 qk_leak=1.458e-02 qk_E_fro=5.067e-02 ov_leak=6.984e-03 ov_E_fro=1.503e+00
  [pgram_gramflow] done=20/20  diag_med=5.80  task0_end=29.93  past_end=17.79  past_chain=14.41

[saved] eigenspectrum/outputs/pgram_sweep/pg1e-3_aw1e-3.npz
