[combined-icl] task0 MSE=16.384; configs=pgram_gramflow

=== pgram_gramflow ===
  [pgram_gramflow] T01: MSE=5.983 finite=True max|W|=1.075e+00 (1.9m)  n_nonfinite=0.000e+00 qk_leak=1.487e-02 qk_E_fro=3.171e-02 ov_leak=5.480e-03 ov_E_fro=2.218e+00
  [pgram_gramflow] T02: MSE=6.189 finite=True max|W|=1.075e+00 (3.8m)  n_nonfinite=0.000e+00 qk_leak=1.385e-02 qk_E_fro=3.663e-02 ov_leak=8.785e-03 ov_E_fro=3.444e+00
  [pgram_gramflow] T03: MSE=6.091 finite=True max|W|=1.075e+00 (5.7m)  n_nonfinite=0.000e+00 qk_leak=1.422e-02 qk_E_fro=4.374e-02 ov_leak=7.131e-03 ov_E_fro=4.189e+00
  [pgram_gramflow] T04: MSE=5.967 finite=True max|W|=1.076e+00 (7.6m)  n_nonfinite=0.000e+00 qk_leak=1.419e-02 qk_E_fro=4.691e-02 ov_leak=6.646e-03 ov_E_fro=4.657e+00
  [pgram_gramflow] T05: MSE=6.234 finite=True max|W|=1.078e+00 (9.5m)  n_nonfinite=0.000e+00 qk_leak=1.631e-02 qk_E_fro=5.377e-02 ov_leak=5.730e-03 ov_E_fro=5.074e+00
  [pgram_gramflow] T06: MSE=6.161 finite=True max|W|=1.078e+00 (11.4m)  n_nonfinite=0.000e+00 qk_leak=1.438e-02 qk_E_fro=5.958e-02 ov_leak=7.088e-03 ov_E_fro=5.378e+00
  [pgram_gramflow] T07: MSE=6.270 finite=True max|W|=1.079e+00 (13.4m)  n_nonfinite=0.000e+00 qk_leak=1.440e-02 qk_E_fro=6.957e-02 ov_leak=5.255e-03 ov_E_fro=5.563e+00
  [pgram_gramflow] T08: MSE=6.393 finite=True max|W|=1.079e+00 (15.3m)  n_nonfinite=0.000e+00 qk_leak=1.470e-02 qk_E_fro=7.867e-02 ov_leak=4.868e-03 ov_E_fro=5.800e+00
  [pgram_gramflow] T09: MSE=6.349 finite=True max|W|=1.080e+00 (17.3m)  n_nonfinite=0.000e+00 qk_leak=1.409e-02 qk_E_fro=8.547e-02 ov_leak=8.825e-03 ov_E_fro=6.475e+00
  [pgram_gramflow] T10: MSE=6.478 finite=True max|W|=1.080e+00 (19.3m)  n_nonfinite=0.000e+00 qk_leak=1.448e-02 qk_E_fro=9.521e-02 ov_leak=8.129e-03 ov_E_fro=6.723e+00
  [pgram_gramflow] T11: MSE=6.498 finite=True max|W|=1.081e+00 (21.4m)  n_nonfinite=0.000e+00 qk_leak=1.556e-02 qk_E_fro=1.055e-01 ov_leak=7.359e-03 ov_E_fro=7.102e+00
  [pgram_gramflow] T12: MSE=6.420 finite=True max|W|=1.081e+00 (23.3m)  n_nonfinite=0.000e+00 qk_leak=1.615e-02 qk_E_fro=1.146e-01 ov_leak=6.951e-03 ov_E_fro=7.528e+00
  [pgram_gramflow] T13: MSE=6.573 finite=True max|W|=1.080e+00 (25.2m)  n_nonfinite=0.000e+00 qk_leak=1.381e-02 qk_E_fro=1.219e-01 ov_leak=5.787e-03 ov_E_fro=7.781e+00
  [pgram_gramflow] T14: MSE=6.433 finite=True max|W|=1.080e+00 (27.3m)  n_nonfinite=0.000e+00 qk_leak=1.391e-02 qk_E_fro=1.299e-01 ov_leak=7.098e-03 ov_E_fro=8.173e+00
  [pgram_gramflow] T15: MSE=6.296 finite=True max|W|=1.081e+00 (29.2m)  n_nonfinite=0.000e+00 qk_leak=1.386e-02 qk_E_fro=1.415e-01 ov_leak=7.240e-03 ov_E_fro=8.566e+00
  [pgram_gramflow] T16: MSE=6.228 finite=True max|W|=1.080e+00 (31.2m)  n_nonfinite=0.000e+00 qk_leak=1.340e-02 qk_E_fro=1.525e-01 ov_leak=6.866e-03 ov_E_fro=8.927e+00
  [pgram_gramflow] T17: MSE=6.307 finite=True max|W|=1.080e+00 (33.2m)  n_nonfinite=0.000e+00 qk_leak=1.505e-02 qk_E_fro=1.632e-01 ov_leak=7.586e-03 ov_E_fro=9.249e+00
  [pgram_gramflow] T18: MSE=6.176 finite=True max|W|=1.080e+00 (35.2m)  n_nonfinite=0.000e+00 qk_leak=1.413e-02 qk_E_fro=1.727e-01 ov_leak=8.018e-03 ov_E_fro=9.907e+00
  [pgram_gramflow] T19: MSE=6.366 finite=True max|W|=1.080e+00 (37.1m)  n_nonfinite=0.000e+00 qk_leak=1.215e-02 qk_E_fro=1.842e-01 ov_leak=1.029e-02 ov_E_fro=1.034e+01
  [pgram_gramflow] done=20/20  diag_med=6.30  task0_end=24.85  past_end=11.71  past_chain=15.05

[saved] eigenspectrum/outputs/pgram_sweep/pg3e-3_aw1e-4_gl1e-4.npz
[W814 20:46:17.854118504 AllocatorConfig.cpp:28] Warning: PYTORCH_CUDA_ALLOC_CONF is deprecated, use PYTORCH_ALLOC_CONF instead (function operator())
