[combined-icl] task0 MSE=16.384; configs=pgram_gramflow

=== pgram_gramflow ===
  [pgram_gramflow] T01: MSE=5.991 finite=True max|W|=1.075e+00 (1.8m)  n_nonfinite=0.000e+00 qk_leak=1.555e-02 qk_E_fro=9.784e-02 ov_leak=8.606e-03 ov_E_fro=2.272e+00
  [pgram_gramflow] T02: MSE=6.187 finite=True max|W|=1.075e+00 (3.5m)  n_nonfinite=0.000e+00 qk_leak=1.496e-02 qk_E_fro=1.069e-01 ov_leak=1.422e-02 ov_E_fro=3.541e+00
  [pgram_gramflow] T03: MSE=6.076 finite=True max|W|=1.075e+00 (5.2m)  n_nonfinite=0.000e+00 qk_leak=1.518e-02 qk_E_fro=1.188e-01 ov_leak=1.043e-02 ov_E_fro=4.321e+00
  [pgram_gramflow] T04: MSE=5.959 finite=True max|W|=1.076e+00 (6.9m)  n_nonfinite=0.000e+00 qk_leak=1.505e-02 qk_E_fro=1.328e-01 ov_leak=1.162e-02 ov_E_fro=4.806e+00
  [pgram_gramflow] T05: MSE=6.210 finite=True max|W|=1.078e+00 (8.6m)  n_nonfinite=0.000e+00 qk_leak=1.533e-02 qk_E_fro=1.560e-01 ov_leak=1.114e-02 ov_E_fro=5.282e+00
  [pgram_gramflow] T06: MSE=6.112 finite=True max|W|=1.078e+00 (10.2m)  n_nonfinite=0.000e+00 qk_leak=1.514e-02 qk_E_fro=1.612e-01 ov_leak=9.970e-03 ov_E_fro=5.670e+00
  [pgram_gramflow] T07: MSE=6.246 finite=True max|W|=1.078e+00 (12.0m)  n_nonfinite=0.000e+00 qk_leak=1.518e-02 qk_E_fro=1.792e-01 ov_leak=1.064e-02 ov_E_fro=5.987e+00
  [pgram_gramflow] T08: MSE=6.363 finite=True max|W|=1.079e+00 (13.7m)  n_nonfinite=0.000e+00 qk_leak=1.560e-02 qk_E_fro=2.016e-01 ov_leak=1.110e-02 ov_E_fro=6.361e+00
  [pgram_gramflow] T09: MSE=6.291 finite=True max|W|=1.079e+00 (15.3m)  n_nonfinite=0.000e+00 qk_leak=1.575e-02 qk_E_fro=2.090e-01 ov_leak=1.275e-02 ov_E_fro=7.133e+00
  [pgram_gramflow] T10: MSE=6.452 finite=True max|W|=1.078e+00 (17.0m)  n_nonfinite=0.000e+00 qk_leak=1.574e-02 qk_E_fro=2.206e-01 ov_leak=1.246e-02 ov_E_fro=7.606e+00
  [pgram_gramflow] T11: MSE=6.453 finite=True max|W|=1.080e+00 (18.7m)  n_nonfinite=0.000e+00 qk_leak=1.548e-02 qk_E_fro=2.400e-01 ov_leak=1.234e-02 ov_E_fro=8.139e+00
  [pgram_gramflow] T12: MSE=6.362 finite=True max|W|=1.079e+00 (20.4m)  n_nonfinite=0.000e+00 qk_leak=1.525e-02 qk_E_fro=2.629e-01 ov_leak=1.082e-02 ov_E_fro=8.643e+00
  [pgram_gramflow] T13: MSE=6.528 finite=True max|W|=1.079e+00 (22.0m)  n_nonfinite=0.000e+00 qk_leak=1.529e-02 qk_E_fro=2.822e-01 ov_leak=9.207e-03 ov_E_fro=9.058e+00
  [pgram_gramflow] T14: MSE=6.395 finite=True max|W|=1.078e+00 (23.6m)  n_nonfinite=0.000e+00 qk_leak=1.571e-02 qk_E_fro=2.993e-01 ov_leak=1.119e-02 ov_E_fro=9.465e+00
  [pgram_gramflow] T15: MSE=6.271 finite=True max|W|=1.079e+00 (25.3m)  n_nonfinite=0.000e+00 qk_leak=1.519e-02 qk_E_fro=3.180e-01 ov_leak=8.599e-03 ov_E_fro=9.899e+00
  [pgram_gramflow] T16: MSE=6.192 finite=True max|W|=1.078e+00 (26.9m)  n_nonfinite=0.000e+00 qk_leak=1.496e-02 qk_E_fro=3.414e-01 ov_leak=9.494e-03 ov_E_fro=1.032e+01
  [pgram_gramflow] T17: MSE=6.274 finite=True max|W|=1.078e+00 (28.6m)  n_nonfinite=0.000e+00 qk_leak=1.548e-02 qk_E_fro=3.564e-01 ov_leak=1.270e-02 ov_E_fro=1.065e+01
  [pgram_gramflow] T18: MSE=6.110 finite=True max|W|=1.078e+00 (30.3m)  n_nonfinite=0.000e+00 qk_leak=1.482e-02 qk_E_fro=3.774e-01 ov_leak=9.091e-03 ov_E_fro=1.114e+01
  [pgram_gramflow] T19: MSE=6.348 finite=True max|W|=1.078e+00 (31.9m)  n_nonfinite=0.000e+00 qk_leak=1.568e-02 qk_E_fro=3.974e-01 ov_leak=8.048e-03 ov_E_fro=1.146e+01
  [pgram_gramflow] done=20/20  diag_med=6.27  task0_end=24.84  past_end=11.78  past_chain=14.84

[saved] eigenspectrum/outputs/pgram_sweep/rsweep_r32.npz
[W814 22:20:41.370995632 AllocatorConfig.cpp:28] Warning: PYTORCH_CUDA_ALLOC_CONF is deprecated, use PYTORCH_ALLOC_CONF instead (function operator())
